// Jest Snapshot v1, https://goo.gl/fbAQLP

exports[`Controls matches a snapshot 1`] = `
<form
  onSubmit={[Function]}
>
  <input
    onChange={[Function]}
    placeholder="Enter an artist"
    type="text"
    value=""
  />
  <button>
    Go!
  </button>
</form>
`;
