// Jest Snapshot v1, https://goo.gl/fbAQLP

exports[`App component renders App 1`] = `
<BrowserRouter>
  <Switch>
    <Route
      component={[Function]}
      path="/release/:releaseId"
    />
    <Route
      component={[Function]}
      path="/artist/:artistId"
    />
    <Route
      component={[Function]}
      exact={true}
      path="/"
    />
  </Switch>
</BrowserRouter>
`;
