// Jest Snapshot v1, https://goo.gl/fbAQLP

exports[`Recordings matches a snapshot 1`] = `
<section
  className="list"
>
  <h2>
    Results for '
    '
  </h2>
  <ul>
    <li
      key="fneowigbw0"
    >
      <Link
        to="/recording/fneowigbw0"
      >
        <Recording
          id="fneowigbw0"
          title="some title"
        />
      </Link>
    </li>
    <li
      key="fneowigbw0"
    >
      <Link
        to="/recording/fneowigbw0"
      >
        <Recording
          id="fneowigbw0"
          title="another title"
        />
      </Link>
    </li>
    <li
      key="fneowigbw0"
    >
      <Link
        to="/recording/fneowigbw0"
      >
        <Recording
          id="fneowigbw0"
          title="a third title"
        />
      </Link>
    </li>
  </ul>
</section>
`;
